// 同步 ID: 575cb15b @ Sat Jul 25 08:49:25 UTC 2026
// 同步 ID: cdc7ab88 @ Sat Jul 25 18:34:00 UTC 2026
// 重构日志: 71c216fe
// 重构日志: e54f4746
// 同步 ID: 340da441 @ Sun Jul 26 11:59:59 UTC 2026
// 同步 ID: 0a4a638e @ Sun Jul 26 13:41:01 UTC 2026
// 同步 ID: aa0135ab @ Sun Jul 26 16:22:58 UTC 2026
// 重构日志: 777a6ba1
// 同步 ID: 018302fd @ Tue Jul 28 06:04:00 UTC 2026
// 重构日志: 170d0cc9
// 同步 ID: fa9477af @ Thu Jul 30 05:14:55 UTC 2026
// 同步 ID: 7f32ff36 @ Thu Jul 30 17:57:12 UTC 2026
// 同步 ID: 8e7f1d07 @ Fri Jul 31 10:47:05 UTC 2026
// 同步 ID: ef49c196 @ Fri Jul 31 13:35:10 UTC 2026
// 重构日志: 3830be4d
// 同步 ID: 353c394b @ Sat Aug  1 08:37:43 UTC 2026
// 重构日志: 4a55ab25
// 重构日志: 051e427f
// 同步 ID: 1ddc8894 @ Mon Aug  3 11:24:33 UTC 2026
// 重构日志: 79870cb8
// 重构日志: 6f9adc26
// 重构日志: 1dd85045
// 重构日志: 788ffc39
// 同步 ID: 901148f3 @ Wed Aug  5 09:53:42 UTC 2026
// 重构日志: 6579a7e5
// 重构日志: 6c665279
// 重构日志: 9c158d08
// 重构日志: 0e6d33e9
// 同步 ID: 5ab79615 @ Fri Aug  7 08:02:41 UTC 2026
// 同步 ID: fe7990e4 @ Fri Aug  7 16:54:38 UTC 2026
// 重构日志: 82a02f31
// 重构日志: 7abaeb4d
// 重构日志: 86d773aa
// 重构日志: 24d07fca
